<!doctype html public "-//w3c//dtd html 4.0 transitional//en">
<html><head>
<title>Static Call Graph - [.\Objects\SEMPROJ.axf]</title></head>
<body><HR>
<H1>Static Call Graph for image .\Objects\SEMPROJ.axf</H1><HR>
<BR><P>#&#060CALLGRAPH&#062# ARM Linker, 6140002: Last Updated: Fri Jul 24 16:17:04 2020
<BR><P>
<H3>Maximum Stack Usage =          0 bytes + Unknown(Functions without stacksize, Cycles, Untraceable Function Pointers)</H3><H3>
Call chain for Maximum Stack Depth:</H3>

<P>
<H3>
Functions with no stack information
</H3><UL>
 <LI><a href="#[17]">__user_initial_stackheap</a>
 <LI><a href="#[16]">__main</a>
</UL>
</UL>
<P>
<H3>
Mutually Recursive functions
</H3> <LI><a href="#[1]">NMI_Handler</a>&nbsp;&nbsp;&nbsp;&rArr;&nbsp;&nbsp;&nbsp;<a href="#[1]">NMI_Handler</a><BR>
 <LI><a href="#[2]">HardFault_Handler</a>&nbsp;&nbsp;&nbsp;&rArr;&nbsp;&nbsp;&nbsp;<a href="#[2]">HardFault_Handler</a><BR>
 <LI><a href="#[3]">SVC_Handler</a>&nbsp;&nbsp;&nbsp;&rArr;&nbsp;&nbsp;&nbsp;<a href="#[3]">SVC_Handler</a><BR>
 <LI><a href="#[4]">PendSV_Handler</a>&nbsp;&nbsp;&nbsp;&rArr;&nbsp;&nbsp;&nbsp;<a href="#[4]">PendSV_Handler</a><BR>
 <LI><a href="#[5]">SysTick_Handler</a>&nbsp;&nbsp;&nbsp;&rArr;&nbsp;&nbsp;&nbsp;<a href="#[5]">SysTick_Handler</a><BR>
 <LI><a href="#[f]">ADC_IRQHandler</a>&nbsp;&nbsp;&nbsp;&rArr;&nbsp;&nbsp;&nbsp;<a href="#[f]">ADC_IRQHandler</a><BR>
</UL>
<P>
<H3>
Function Pointers
</H3><UL>
 <LI><a href="#[f]">ADC_IRQHandler</a> from startup_em77x.o(.text) referenced from startup_em77x.o(RESET)
 <LI><a href="#[11]">BOD_IRQHandler</a> from startup_em77x.o(.text) referenced from startup_em77x.o(RESET)
 <LI><a href="#[2]">HardFault_Handler</a> from startup_em77x.o(.text) referenced from startup_em77x.o(RESET)
 <LI><a href="#[8]">I2C_IRQHandler</a> from startup_em77x.o(.text) referenced from startup_em77x.o(RESET)
 <LI><a href="#[1]">NMI_Handler</a> from startup_em77x.o(.text) referenced from startup_em77x.o(RESET)
 <LI><a href="#[15]">PIOINT0_IRQHandler</a> from startup_em77x.o(.text) referenced from startup_em77x.o(RESET)
 <LI><a href="#[14]">PIOINT1_IRQHandler</a> from startup_em77x.o(.text) referenced from startup_em77x.o(RESET)
 <LI><a href="#[13]">PIOINT2_IRQHandler</a> from startup_em77x.o(.text) referenced from startup_em77x.o(RESET)
 <LI><a href="#[12]">PIOINT3_IRQHandler</a> from startup_em77x.o(.text) referenced from startup_em77x.o(RESET)
 <LI><a href="#[4]">PendSV_Handler</a> from startup_em77x.o(.text) referenced from startup_em77x.o(RESET)
 <LI><a href="#[0]">Reset_Handler</a> from startup_em77x.o(.text) referenced from startup_em77x.o(RESET)
 <LI><a href="#[d]">SSP0_IRQHandler</a> from startup_em77x.o(.text) referenced from startup_em77x.o(RESET)
 <LI><a href="#[7]">SSP1_IRQHandler</a> from startup_em77x.o(.text) referenced from startup_em77x.o(RESET)
 <LI><a href="#[3]">SVC_Handler</a> from startup_em77x.o(.text) referenced from startup_em77x.o(RESET)
 <LI><a href="#[5]">SysTick_Handler</a> from startup_em77x.o(.text) referenced from startup_em77x.o(RESET)
 <LI><a href="#[9]">TIMER16_0_IRQHandler</a> from startup_em77x.o(.text) referenced from startup_em77x.o(RESET)
 <LI><a href="#[a]">TIMER16_1_IRQHandler</a> from startup_em77x.o(.text) referenced from startup_em77x.o(RESET)
 <LI><a href="#[b]">TIMER32_0_IRQHandler</a> from startup_em77x.o(.text) referenced from startup_em77x.o(RESET)
 <LI><a href="#[c]">TIMER32_1_IRQHandler</a> from startup_em77x.o(.text) referenced from startup_em77x.o(RESET)
 <LI><a href="#[e]">UART_IRQHandler</a> from startup_em77x.o(.text) referenced from startup_em77x.o(RESET)
 <LI><a href="#[6]">WAKEUP_IRQHandler</a> from startup_em77x.o(.text) referenced 13 times from startup_em77x.o(RESET)
 <LI><a href="#[10]">WDT_IRQHandler</a> from startup_em77x.o(.text) referenced from startup_em77x.o(RESET)
 <LI><a href="#[16]">__main</a> from semproj.o(EM77X) referenced from startup_em77x.o(.text)
</UL>
<P>
<H3>
Global Symbols
</H3>
<P><STRONG><a name="[0]"></a>Reset_Handler</STRONG> (Thumb, 4 bytes, Stack size 0 bytes, startup_em77x.o(.text))
<BR>[Address Reference Count : 1]<UL><LI> startup_em77x.o(RESET)
</UL>
<P><STRONG><a name="[1]"></a>NMI_Handler</STRONG> (Thumb, 2 bytes, Stack size 0 bytes, startup_em77x.o(.text))
<BR><BR>[Calls]<UL><LI><a href="#[1]">&gt;&gt;</a>&nbsp;&nbsp;&nbsp;NMI_Handler
</UL>
<BR>[Called By]<UL><LI><a href="#[1]">&gt;&gt;</a>&nbsp;&nbsp;&nbsp;NMI_Handler
</UL>
<BR>[Address Reference Count : 1]<UL><LI> startup_em77x.o(RESET)
</UL>
<P><STRONG><a name="[2]"></a>HardFault_Handler</STRONG> (Thumb, 2 bytes, Stack size 0 bytes, startup_em77x.o(.text))
<BR><BR>[Calls]<UL><LI><a href="#[2]">&gt;&gt;</a>&nbsp;&nbsp;&nbsp;HardFault_Handler
</UL>
<BR>[Called By]<UL><LI><a href="#[2]">&gt;&gt;</a>&nbsp;&nbsp;&nbsp;HardFault_Handler
</UL>
<BR>[Address Reference Count : 1]<UL><LI> startup_em77x.o(RESET)
</UL>
<P><STRONG><a name="[3]"></a>SVC_Handler</STRONG> (Thumb, 2 bytes, Stack size 0 bytes, startup_em77x.o(.text))
<BR><BR>[Calls]<UL><LI><a href="#[3]">&gt;&gt;</a>&nbsp;&nbsp;&nbsp;SVC_Handler
</UL>
<BR>[Called By]<UL><LI><a href="#[3]">&gt;&gt;</a>&nbsp;&nbsp;&nbsp;SVC_Handler
</UL>
<BR>[Address Reference Count : 1]<UL><LI> startup_em77x.o(RESET)
</UL>
<P><STRONG><a name="[4]"></a>PendSV_Handler</STRONG> (Thumb, 2 bytes, Stack size 0 bytes, startup_em77x.o(.text))
<BR><BR>[Calls]<UL><LI><a href="#[4]">&gt;&gt;</a>&nbsp;&nbsp;&nbsp;PendSV_Handler
</UL>
<BR>[Called By]<UL><LI><a href="#[4]">&gt;&gt;</a>&nbsp;&nbsp;&nbsp;PendSV_Handler
</UL>
<BR>[Address Reference Count : 1]<UL><LI> startup_em77x.o(RESET)
</UL>
<P><STRONG><a name="[5]"></a>SysTick_Handler</STRONG> (Thumb, 2 bytes, Stack size 0 bytes, startup_em77x.o(.text))
<BR><BR>[Calls]<UL><LI><a href="#[5]">&gt;&gt;</a>&nbsp;&nbsp;&nbsp;SysTick_Handler
</UL>
<BR>[Called By]<UL><LI><a href="#[5]">&gt;&gt;</a>&nbsp;&nbsp;&nbsp;SysTick_Handler
</UL>
<BR>[Address Reference Count : 1]<UL><LI> startup_em77x.o(RESET)
</UL>
<P><STRONG><a name="[f]"></a>ADC_IRQHandler</STRONG> (Thumb, 0 bytes, Stack size 0 bytes, startup_em77x.o(.text))
<BR><BR>[Calls]<UL><LI><a href="#[f]">&gt;&gt;</a>&nbsp;&nbsp;&nbsp;ADC_IRQHandler
</UL>
<BR>[Called By]<UL><LI><a href="#[f]">&gt;&gt;</a>&nbsp;&nbsp;&nbsp;ADC_IRQHandler
</UL>
<BR>[Address Reference Count : 1]<UL><LI> startup_em77x.o(RESET)
</UL>
<P><STRONG><a name="[11]"></a>BOD_IRQHandler</STRONG> (Thumb, 0 bytes, Stack size 0 bytes, startup_em77x.o(.text))
<BR>[Address Reference Count : 1]<UL><LI> startup_em77x.o(RESET)
</UL>
<P><STRONG><a name="[8]"></a>I2C_IRQHandler</STRONG> (Thumb, 0 bytes, Stack size 0 bytes, startup_em77x.o(.text))
<BR>[Address Reference Count : 1]<UL><LI> startup_em77x.o(RESET)
</UL>
<P><STRONG><a name="[15]"></a>PIOINT0_IRQHandler</STRONG> (Thumb, 0 bytes, Stack size 0 bytes, startup_em77x.o(.text))
<BR>[Address Reference Count : 1]<UL><LI> startup_em77x.o(RESET)
</UL>
<P><STRONG><a name="[14]"></a>PIOINT1_IRQHandler</STRONG> (Thumb, 0 bytes, Stack size 0 bytes, startup_em77x.o(.text))
<BR>[Address Reference Count : 1]<UL><LI> startup_em77x.o(RESET)
</UL>
<P><STRONG><a name="[13]"></a>PIOINT2_IRQHandler</STRONG> (Thumb, 0 bytes, Stack size 0 bytes, startup_em77x.o(.text))
<BR>[Address Reference Count : 1]<UL><LI> startup_em77x.o(RESET)
</UL>
<P><STRONG><a name="[12]"></a>PIOINT3_IRQHandler</STRONG> (Thumb, 0 bytes, Stack size 0 bytes, startup_em77x.o(.text))
<BR>[Address Reference Count : 1]<UL><LI> startup_em77x.o(RESET)
</UL>
<P><STRONG><a name="[d]"></a>SSP0_IRQHandler</STRONG> (Thumb, 0 bytes, Stack size 0 bytes, startup_em77x.o(.text))
<BR>[Address Reference Count : 1]<UL><LI> startup_em77x.o(RESET)
</UL>
<P><STRONG><a name="[7]"></a>SSP1_IRQHandler</STRONG> (Thumb, 0 bytes, Stack size 0 bytes, startup_em77x.o(.text))
<BR>[Address Reference Count : 1]<UL><LI> startup_em77x.o(RESET)
</UL>
<P><STRONG><a name="[9]"></a>TIMER16_0_IRQHandler</STRONG> (Thumb, 0 bytes, Stack size 0 bytes, startup_em77x.o(.text))
<BR>[Address Reference Count : 1]<UL><LI> startup_em77x.o(RESET)
</UL>
<P><STRONG><a name="[a]"></a>TIMER16_1_IRQHandler</STRONG> (Thumb, 0 bytes, Stack size 0 bytes, startup_em77x.o(.text))
<BR>[Address Reference Count : 1]<UL><LI> startup_em77x.o(RESET)
</UL>
<P><STRONG><a name="[b]"></a>TIMER32_0_IRQHandler</STRONG> (Thumb, 0 bytes, Stack size 0 bytes, startup_em77x.o(.text))
<BR>[Address Reference Count : 1]<UL><LI> startup_em77x.o(RESET)
</UL>
<P><STRONG><a name="[c]"></a>TIMER32_1_IRQHandler</STRONG> (Thumb, 0 bytes, Stack size 0 bytes, startup_em77x.o(.text))
<BR>[Address Reference Count : 1]<UL><LI> startup_em77x.o(RESET)
</UL>
<P><STRONG><a name="[e]"></a>UART_IRQHandler</STRONG> (Thumb, 0 bytes, Stack size 0 bytes, startup_em77x.o(.text))
<BR>[Address Reference Count : 1]<UL><LI> startup_em77x.o(RESET)
</UL>
<P><STRONG><a name="[6]"></a>WAKEUP_IRQHandler</STRONG> (Thumb, 0 bytes, Stack size 0 bytes, startup_em77x.o(.text))
<BR>[Address Reference Count : 1]<UL><LI> startup_em77x.o(RESET)
</UL>
<P><STRONG><a name="[10]"></a>WDT_IRQHandler</STRONG> (Thumb, 0 bytes, Stack size 0 bytes, startup_em77x.o(.text))
<BR>[Address Reference Count : 1]<UL><LI> startup_em77x.o(RESET)
</UL>
<P><STRONG><a name="[17]"></a>__user_initial_stackheap</STRONG> (Thumb, 0 bytes, Stack size unknown bytes, startup_em77x.o(.text), UNUSED, KEPT)

<P><STRONG><a name="[18]"></a>__use_two_region_memory</STRONG> (Thumb, 2 bytes, Stack size 0 bytes, heapauxi.o(.text), UNUSED)

<P><STRONG><a name="[19]"></a>__rt_heap_escrow$2region</STRONG> (Thumb, 2 bytes, Stack size 0 bytes, heapauxi.o(.text), UNUSED)

<P><STRONG><a name="[1a]"></a>__rt_heap_expand$2region</STRONG> (Thumb, 2 bytes, Stack size 0 bytes, heapauxi.o(.text), UNUSED)

<P><STRONG><a name="[16]"></a>__main</STRONG> (Thumb, 0 bytes, Stack size unknown bytes, semproj.o(EM77X))
<BR>[Address Reference Count : 1]<UL><LI> startup_em77x.o(.text)
</UL><P>
<H3>
Local Symbols
</H3><P>
<H3>
Undefined Global Symbols
</H3><HR></body></html>
