Component: ARM Compiler 6.14 Tool: armlink [5db06800]

==============================================================================

Section Cross References

    startup_em77x.o(STACK) refers (Special) to heapauxi.o(.text) for __use_two_region_memory
    startup_em77x.o(HEAP) refers (Special) to heapauxi.o(.text) for __use_two_region_memory
    startup_em77x.o(RESET) refers (Special) to heapauxi.o(.text) for __use_two_region_memory
    startup_em77x.o(RESET) refers to startup_em77x.o(STACK) for __initial_sp
    startup_em77x.o(RESET) refers to startup_em77x.o(.text) for Reset_Handler
    startup_em77x.o(.ARM.__at_0x02FC) refers (Special) to heapauxi.o(.text) for __use_two_region_memory
    startup_em77x.o(.text) refers (Special) to heapauxi.o(.text) for __use_two_region_memory
    startup_em77x.o(.text) refers to semproj.o(EM77X) for __main
    startup_em77x.o(.text) refers to startup_em77x.o(HEAP) for Heap_Mem
    startup_em77x.o(.text) refers to startup_em77x.o(STACK) for Stack_Mem
    semproj.o(EM77X) refers to semproj.o(datasection) for newARRAY0


==============================================================================

Image Symbol Table

    Local Symbols

    Symbol Name                              Value     Ov Type        Size  Object(Section)

    ../clib/heapaux.c                        0x00000000   Number         0  heapauxi.o ABSOLUTE
    SEMPROJ.s                                0x00000000   Number         0  semproj.o ABSOLUTE
    dc.s                                     0x00000000   Number         0  dc.o ABSOLUTE
    startup_EM77x.s                          0x00000000   Number         0  startup_em77x.o ABSOLUTE
    RESET                                    0x00000000   Section      192  startup_em77x.o(RESET)
    .text                                    0x000000c0   Section       44  startup_em77x.o(.text)
    .text                                    0x000000ec   Section        0  heapauxi.o(.text)
    .ARM.__at_0x02FC                         0x000002fc   Section        4  startup_em77x.o(.ARM.__at_0x02FC)
    EM77X                                    0x00000300   Section      744  semproj.o(EM77X)
    ARRAY0                                   0x00000598   Data          11  semproj.o(EM77X)
    ARRAY1                                   0x000005a3   Data          10  semproj.o(EM77X)
    newARRAY0                                0x10000000   Data          20  semproj.o(datasection)
    datasection                              0x10000000   Section      420  semproj.o(datasection)
    newARRAY1                                0x10000014   Data          20  semproj.o(datasection)
    FTable                                   0x10000028   Data          20  semproj.o(datasection)
    tempTable                                0x1000003c   Data          20  semproj.o(datasection)
    CTable                                   0x10000050   Data          20  semproj.o(datasection)
    heap0                                    0x10000078   Data          20  semproj.o(datasection)
    heap1                                    0x1000008c   Data          20  semproj.o(datasection)
    heap2                                    0x100000a0   Data          20  semproj.o(datasection)
    root                                     0x1000017c   Data          20  semproj.o(datasection)
    encoded                                  0x10000190   Data          20  semproj.o(datasection)
    Heap_Mem                                 0x100001a8   Data           0  startup_em77x.o(HEAP)
    Stack_Mem                                0x100001a8   Data         512  startup_em77x.o(STACK)
    HEAP                                     0x100001a8   Section        0  startup_em77x.o(HEAP)
    STACK                                    0x100001a8   Section      512  startup_em77x.o(STACK)
    __initial_sp                             0x100003a8   Data           0  startup_em77x.o(STACK)

    Global Symbols

    Symbol Name                              Value     Ov Type        Size  Object(Section)

    BuildAttributes$$THM_ISAv3M$S$A:L22$X:L11$S22$IEEE1$IW$~IW$USESV6$~STKCKD$USESV7$~SHL$OSPACE$ROPI$EBA8$STANDARDLIB$REQ8$EABIv2 0x00000000   Number         0  anon$$obj.o ABSOLUTE
    __Vectors                                0x00000000   Data           4  startup_em77x.o(RESET)
    Reset_Handler                            0x000000c1   Thumb Code     4  startup_em77x.o(.text)
    NMI_Handler                              0x000000c5   Thumb Code     2  startup_em77x.o(.text)
    HardFault_Handler                        0x000000c7   Thumb Code     2  startup_em77x.o(.text)
    SVC_Handler                              0x000000c9   Thumb Code     2  startup_em77x.o(.text)
    PendSV_Handler                           0x000000cb   Thumb Code     2  startup_em77x.o(.text)
    SysTick_Handler                          0x000000cd   Thumb Code     2  startup_em77x.o(.text)
    ADC_IRQHandler                           0x000000cf   Thumb Code     0  startup_em77x.o(.text)
    BOD_IRQHandler                           0x000000cf   Thumb Code     0  startup_em77x.o(.text)
    I2C_IRQHandler                           0x000000cf   Thumb Code     0  startup_em77x.o(.text)
    PIOINT0_IRQHandler                       0x000000cf   Thumb Code     0  startup_em77x.o(.text)
    PIOINT1_IRQHandler                       0x000000cf   Thumb Code     0  startup_em77x.o(.text)
    PIOINT2_IRQHandler                       0x000000cf   Thumb Code     0  startup_em77x.o(.text)
    PIOINT3_IRQHandler                       0x000000cf   Thumb Code     0  startup_em77x.o(.text)
    SSP0_IRQHandler                          0x000000cf   Thumb Code     0  startup_em77x.o(.text)
    SSP1_IRQHandler                          0x000000cf   Thumb Code     0  startup_em77x.o(.text)
    TIMER16_0_IRQHandler                     0x000000cf   Thumb Code     0  startup_em77x.o(.text)
    TIMER16_1_IRQHandler                     0x000000cf   Thumb Code     0  startup_em77x.o(.text)
    TIMER32_0_IRQHandler                     0x000000cf   Thumb Code     0  startup_em77x.o(.text)
    TIMER32_1_IRQHandler                     0x000000cf   Thumb Code     0  startup_em77x.o(.text)
    UART_IRQHandler                          0x000000cf   Thumb Code     0  startup_em77x.o(.text)
    WAKEUP_IRQHandler                        0x000000cf   Thumb Code     0  startup_em77x.o(.text)
    WDT_IRQHandler                           0x000000cf   Thumb Code     0  startup_em77x.o(.text)
    __user_initial_stackheap                 0x000000d1   Thumb Code     0  startup_em77x.o(.text)
    __use_two_region_memory                  0x000000ed   Thumb Code     2  heapauxi.o(.text)
    __rt_heap_escrow$2region                 0x000000ef   Thumb Code     2  heapauxi.o(.text)
    __rt_heap_expand$2region                 0x000000f1   Thumb Code     2  heapauxi.o(.text)
    __main                                   0x00000301   Thumb Code     0  semproj.o(EM77X)



==============================================================================

Memory Map of the image

  Image Entry point : 0x000000c1

  Load Region LR_1 (Base: 0x00000000, Size: 0x0000078c, Max: 0xffffffff, ABSOLUTE)

    Execution Region ER_RO (Exec base: 0x00000000, Load base: 0x00000000, Size: 0x000005e8, Max: 0xffffffff, ABSOLUTE)

    Exec Addr    Load Addr    Size         Type   Attr      Idx    E Section Name        Object

    0x00000000   0x00000000   0x000000c0   Data   RO            3    RESET               startup_em77x.o
    0x000000c0   0x000000c0   0x0000002c   Code   RO            5  * .text               startup_em77x.o
    0x000000ec   0x000000ec   0x00000006   Code   RO           19    .text               c_p.l(heapauxi.o)
    0x000000f2   0x000000f2   0x0000020a   PAD
    0x000002fc   0x000002fc   0x00000004   Code   RO            4    .ARM.__at_0x02FC    startup_em77x.o
    0x00000300   0x00000300   0x000002e8   Code   RO           14  * EM77X               semproj.o


    Execution Region ER_RW (Exec base: 0x10000000, Load base: 0x000005e8, Size: 0x000001a4, Max: 0xffffffff, ABSOLUTE)

    Exec Addr    Load Addr    Size         Type   Attr      Idx    E Section Name        Object

    0x10000000   0x000005e8   0x000001a4   Data   RW           13    datasection         semproj.o


    Execution Region ER_ZI (Exec base: 0x100001a8, Load base: 0x0000078c, Size: 0x00000200, Max: 0xffffffff, ABSOLUTE)

    Exec Addr    Load Addr    Size         Type   Attr      Idx    E Section Name        Object

    0x100001a8        -       0x00000000   Zero   RW            2    HEAP                startup_em77x.o
    0x100001a8        -       0x00000200   Zero   RW            1    STACK               startup_em77x.o


==============================================================================

Image component sizes


      Code (inc. data)   RO Data    RW Data    ZI Data      Debug   Object Name

       744         80          0        420          0        576   semproj.o
        48         22        192          0        512        828   startup_em77x.o

    ----------------------------------------------------------------------
       792        102        192        420        512       1404   Object Totals
         0          0          0          0          0          0   (incl. Generated)
         0          0          0          0          0          0   (incl. Padding)

    ----------------------------------------------------------------------

      Code (inc. data)   RO Data    RW Data    ZI Data      Debug   Library Member Name

         6          0          0          0          0        136   heapauxi.o

    ----------------------------------------------------------------------
       528          0          0          0          0        136   Library Totals
       522          0          0          0          0          0   (incl. Padding)

    ----------------------------------------------------------------------

      Code (inc. data)   RO Data    RW Data    ZI Data      Debug   Library Name

         6          0          0          0          0        136   c_p.l

    ----------------------------------------------------------------------
       528          0          0          0          0        136   Library Totals

    ----------------------------------------------------------------------

==============================================================================


      Code (inc. data)   RO Data    RW Data    ZI Data      Debug   

      1320        102        192        420        512       1540   Grand Totals
      1320        102        192        420        512       1540   ELF Image Totals
      1320        102        192        420          0          0   ROM Totals

==============================================================================

    Total RO  Size (Code + RO Data)                 1512 (   1.48kB)
    Total RW  Size (RW Data + ZI Data)               932 (   0.91kB)
    Total ROM Size (Code + RO Data + RW Data)       1932 (   1.89kB)

==============================================================================

